// Jest Snapshot v1, https://goo.gl/fbAQLP

exports[`Login Rendering renders a heading 1`] = `
<div>
  <div
    class="Home"
  >
    <div
      class="body"
    >
      <div
        class="wrapper"
        role="logo"
      >
        <div
          class="logo"
        >
          <span
            style="box-sizing: border-box; display: inline-block; overflow: hidden; background: none; opacity: 1; border: 0px; margin: 0px; padding: 0px; position: relative; max-width: 100%;"
          >
            <span
              style="box-sizing: border-box; display: block; background: none; opacity: 1; border: 0px; margin: 0px; padding: 0px; max-width: 100%;"
            >
              <img
                alt=""
                aria-hidden="true"
                src="data:image/svg+xml,%3csvg%20xmlns=%27http://www.w3.org/2000/svg%27%20version=%271.1%27%20width=%2724%27%20height=%2724%27/%3e"
                style="display: block; max-width: 100%; background: none; opacity: 1; border: 0px; margin: 0px; padding: 0px;"
              />
            </span>
            <img
              class="img"
              data-nimg="intrinsic"
              decoding="async"
              src="data:image/gif;base64,R0lGODlhAQABAIAAAAAAAP///yH5BAEAAAAALAAAAAABAAEAAAIBRAA7"
              style="position: absolute; top: 0px; left: 0px; bottom: 0px; right: 0px; box-sizing: border-box; padding: 0px; margin: auto; display: block; width: 0px; height: 0px; min-width: 100%; max-width: 100%; min-height: 100%; max-height: 100%;"
            />
            <noscript />
          </span>
        </div>
      </div>
      <div
        class="container"
      >
        <form
          class="form"
          id="login"
          role="form"
        >
          <h1
            class="form__title"
          >
            Login
          </h1>
          <div
            class="form__input-group"
          >
            <label
              for="name"
            >
              Name:
            </label>
            <input
              class="form__input"
              id="name"
              name="name"
              type="text"
              value=""
            />
          </div>
          <div
            class="form__input-group"
          >
            <label
              for="email"
            >
              Email:
            </label>
            <input
              class="form__input"
              id="email"
              name="email"
              type="text"
              value=""
            />
          </div>
          <div
            class="form__input-group"
          >
            <label
              for="password"
            >
              Password:
            </label>
            <input
              class="form__input"
              id="password"
              name="password"
              type="password"
              value=""
            />
          </div>
          <input
            class="form__button"
            type="submit"
            value="LOGIN"
          />
        </form>
      </div>
    </div>
  </div>
</div>
`;
